     1                                  	section .data
     2 00000000 11EA2D819997713D        eps:		dq 1.0E-12
     3 00000008 0000000000001440        var1:		dq 5.00
     4 00000010 000000000000F03F        result:		dq 1.0
     5 00000018 25640A00                fmt_result:	db "%d",`\n`,0
     6 0000001C 25660A00                fmt_r2:		db "%f",`\n`,0
     7                                  
     8                                  	section .text
     9                                  	global main
    10                                  	extern printf, scanf
    11                                  
    12                                  factorial:
    13 00000000 55                      	push ebp
    14 00000001 89E5                    	mov ebp, esp
    15 00000003 83EC08                  	sub esp, 8
    16 00000006 DD4508                  	fld qword [ebp+8]
    17 00000009 D9EE                    	fldz
    18 0000000B DFF1                    	fcomip
    19 0000000D 7204                    	jb .pass
    20 0000000F D9E8                    	fld1
    21 00000011 EB1A                    	jmp .return		;short circuit to return
    22                                  .pass:
    23 00000013 D9E8                    	fld1
    24 00000015 DEE9                    	fsub
    25 00000017 DD5DF8                  	fstp qword [ebp-8]
    26                                  
    27                                  	;push dword [ebp-4]
    28                                  	;push dword [ebp-8]
    29                                  	;push fmt_r2
    30                                  	;call printf
    31                                  	;add esp, 12
    32                                  
    33 0000001A FF75FC                  	push dword [ebp-4]
    34 0000001D FF75F8                  	push dword [ebp-8]
    35 00000020 E8DBFFFFFF              	call factorial		;find factor of n-1
    36 00000025 83C404                  	add esp, 4		;adjust stack
    37 00000028 DD4508                  	fld qword [ebp+8]
    38 0000002B DEC9                    	fmul
    39                                  .return:
    40 0000002D 89EC                    	mov esp, ebp
    41 0000002F 5D                      	pop ebp
    42 00000030 C3                      	ret
    43                                  main:
    44 00000031 9BDBE3                  	finit
    45                                  
    46 00000034 FF35[0C000000]          	push dword [var1+4]
    47 0000003A FF35[08000000]          	push dword [var1]
    48 00000040 E8BBFFFFFF              	call factorial
    49 00000045 83C408                  	add esp, 8
    50 00000048 DD1D[08000000]          	fstp qword [var1]
    51 0000004E FF35[0C000000]          	push dword [var1+4]
    52 00000054 FF35[08000000]          	push dword [var1]
    53 0000005A 68[1C000000]            	push fmt_r2
    54 0000005F E8(00000000)            	call printf
    55 00000064 83C40C                  	add esp, 12
    56                                  
    57                                  
    58                                  .quit:
    59 00000067 BB00000000              	mov ebx, 0
    60 0000006C B801000000              	mov eax, 1
    61 00000071 CD80                    	int 0x80
